*~
~$*
.~lock.*
~*.tmp
]*.~*
]Icon\r*
].DS_Store
].ds_store
*.textClipping
._*
]Thumbs.db
]photothumb.db
System Volume Information
.*.sw?
.*.*sw?
].TemporaryItems
].Trashes
].DocumentRevisions-V100
].Trash-*
.fseventd
.apdisk
.Spotlight-V100
.directory
*.part
*.filepart
*.crdownload
*.kate-swp
*.gnucash.tmp-*
.synkron.*
.sync.ffs_db
.symform
.symform-store
.fuse_hidden*
*.unison
.nfs*
.stfolder
.stignore
.stversions
My Saved Places.
*.sb-*
*.synctex(busy)
*.synctex
.git
__pycache__
venv
venvs
*.aux
*.fdb_latexmk
*.fls
*.nav
*.out
*.synctex.gz
*.toc
*.vrb
*.snm
_minted
*.log
*.minted
